// Jest Snapshot v1, https://goo.gl/fbAQLP

exports[`snapshot props 1`] = `
<DocumentFragment>
  <div
    class="sc-bwzfXH ideAXj"
  >
    <div
      class="contents"
    >
      <h3>
        test
      </h3>
      <span
        class="sc-bdVaJa ldkgbU"
      />
      <p>
        From : astros
      </p>
      <p>
        To : hou
      </p>
      <p>
        test
      </p>
    </div>
  </div>
</DocumentFragment>
`;
